// Vitest Snapshot v1, https://vitest.dev/guide/snapshot.html

exports[`Search > check snapshot of search component 1`] = `
<div
  class="search-input-wrapper relative bg-[#f2f2f2] hover:bg-[#0000001f] before:absolute before:bottom-0 before:border-b before:w-full before:border-b-[#0000006b] hover:before:border-b-[#000000de] after:absolute after:bottom-0 after:border-b after:w-full after:border-b-[#000000de] after:scale-0 focus-within:after:transition-transform focus-within:after:duration-[600ms] focus-within:after:scale-100 focus-within:after:border-b-2 focus-within:after:border-b-[#03a9f4]"
>
  <div
    class="default-icon block h-[34px] w-[34px] absolute bottom-0 py-[9px] pl-3 pr-1.5 dx-icon dx-icon-search text-center leading-4 font-normal text-[#0000008a]"
  />
  <input
    class="search-input block z-10 w-full py-[9px] pl-[34px] pr-3 bg-transparent leading-[14px] text-xs placeholder:text-xs placeholder:text-[#00000099] outline-none"
    placeholder="Search Text"
    type="text"
  />
</div>
`;
